Archive member included to satisfy reference by file (symbol)

C:/ST/STM32CubeIDE_1.12.0/STM32CubeIDE/plugins/com.st.stm32cube.ide.mcu.externaltools.gnu-tools-for-stm32.12.3.rel1.win32_1.1.0.202410251130/tools/bin/../lib/gcc/arm-none-eabi/12.3.1/../../../../arm-none-eabi/lib/thumb/v7e-m+fp/hard\libc_nano.a(libc_a-exit.o)
                              C:/ST/STM32CubeIDE_1.12.0/STM32CubeIDE/plugins/com.st.stm32cube.ide.mcu.externaltools.gnu-tools-for-stm32.12.3.rel1.win32_1.1.0.202410251130/tools/bin/../lib/gcc/arm-none-eabi/12.3.1/../../../../arm-none-eabi/lib/thumb/v7e-m+fp/hard/crt0.o (exit)
C:/ST/STM32CubeIDE_1.12.0/STM32CubeIDE/plugins/com.st.stm32cube.ide.mcu.externaltools.gnu-tools-for-stm32.12.3.rel1.win32_1.1.0.202410251130/tools/bin/../lib/gcc/arm-none-eabi/12.3.1/../../../../arm-none-eabi/lib/thumb/v7e-m+fp/hard\libc_nano.a(libc_a-findfp.o)
                              C:/ST/STM32CubeIDE_1.12.0/STM32CubeIDE/plugins/com.st.stm32cube.ide.mcu.externaltools.gnu-tools-for-stm32.12.3.rel1.win32_1.1.0.202410251130/tools/bin/../lib/gcc/arm-none-eabi/12.3.1/../../../../arm-none-eabi/lib/thumb/v7e-m+fp/hard\libc_nano.a(libc_a-exit.o) (__stdio_exit_handler)
C:/ST/STM32CubeIDE_1.12.0/STM32CubeIDE/plugins/com.st.stm32cube.ide.mcu.externaltools.gnu-tools-for-stm32.12.3.rel1.win32_1.1.0.202410251130/tools/bin/../lib/gcc/arm-none-eabi/12.3.1/../../../../arm-none-eabi/lib/thumb/v7e-m+fp/hard\libc_nano.a(libc_a-fwalk.o)
                              C:/ST/STM32CubeIDE_1.12.0/STM32CubeIDE/plugins/com.st.stm32cube.ide.mcu.externaltools.gnu-tools-for-stm32.12.3.rel1.win32_1.1.0.202410251130/tools/bin/../lib/gcc/arm-none-eabi/12.3.1/../../../../arm-none-eabi/lib/thumb/v7e-m+fp/hard\libc_nano.a(libc_a-findfp.o) (_fwalk_sglue)
C:/ST/STM32CubeIDE_1.12.0/STM32CubeIDE/plugins/com.st.stm32cube.ide.mcu.externaltools.gnu-tools-for-stm32.12.3.rel1.win32_1.1.0.202410251130/tools/bin/../lib/gcc/arm-none-eabi/12.3.1/../../../../arm-none-eabi/lib/thumb/v7e-m+fp/hard\libc_nano.a(libc_a-stdio.o)
                              C:/ST/STM32CubeIDE_1.12.0/STM32CubeIDE/plugins/com.st.stm32cube.ide.mcu.externaltools.gnu-tools-for-stm32.12.3.rel1.win32_1.1.0.202410251130/tools/bin/../lib/gcc/arm-none-eabi/12.3.1/../../../../arm-none-eabi/lib/thumb/v7e-m+fp/hard\libc_nano.a(libc_a-findfp.o) (__sread)
C:/ST/STM32CubeIDE_1.12.0/STM32CubeIDE/plugins/com.st.stm32cube.ide.mcu.externaltools.gnu-tools-for-stm32.12.3.rel1.win32_1.1.0.202410251130/tools/bin/../lib/gcc/arm-none-eabi/12.3.1/../../../../arm-none-eabi/lib/thumb/v7e-m+fp/hard\libc_nano.a(libc_a-memset.o)
                              C:/ST/STM32CubeIDE_1.12.0/STM32CubeIDE/plugins/com.st.stm32cube.ide.mcu.externaltools.gnu-tools-for-stm32.12.3.rel1.win32_1.1.0.202410251130/tools/bin/../lib/gcc/arm-none-eabi/12.3.1/../../../../arm-none-eabi/lib/thumb/v7e-m+fp/hard/crt0.o (memset)
C:/ST/STM32CubeIDE_1.12.0/STM32CubeIDE/plugins/com.st.stm32cube.ide.mcu.externaltools.gnu-tools-for-stm32.12.3.rel1.win32_1.1.0.202410251130/tools/bin/../lib/gcc/arm-none-eabi/12.3.1/../../../../arm-none-eabi/lib/thumb/v7e-m+fp/hard\libc_nano.a(libc_a-closer.o)
                              C:/ST/STM32CubeIDE_1.12.0/STM32CubeIDE/plugins/com.st.stm32cube.ide.mcu.externaltools.gnu-tools-for-stm32.12.3.rel1.win32_1.1.0.202410251130/tools/bin/../lib/gcc/arm-none-eabi/12.3.1/../../../../arm-none-eabi/lib/thumb/v7e-m+fp/hard\libc_nano.a(libc_a-stdio.o) (_close_r)
C:/ST/STM32CubeIDE_1.12.0/STM32CubeIDE/plugins/com.st.stm32cube.ide.mcu.externaltools.gnu-tools-for-stm32.12.3.rel1.win32_1.1.0.202410251130/tools/bin/../lib/gcc/arm-none-eabi/12.3.1/../../../../arm-none-eabi/lib/thumb/v7e-m+fp/hard\libc_nano.a(libc_a-reent.o)
                              C:/ST/STM32CubeIDE_1.12.0/STM32CubeIDE/plugins/com.st.stm32cube.ide.mcu.externaltools.gnu-tools-for-stm32.12.3.rel1.win32_1.1.0.202410251130/tools/bin/../lib/gcc/arm-none-eabi/12.3.1/../../../../arm-none-eabi/lib/thumb/v7e-m+fp/hard\libc_nano.a(libc_a-closer.o) (errno)
C:/ST/STM32CubeIDE_1.12.0/STM32CubeIDE/plugins/com.st.stm32cube.ide.mcu.externaltools.gnu-tools-for-stm32.12.3.rel1.win32_1.1.0.202410251130/tools/bin/../lib/gcc/arm-none-eabi/12.3.1/../../../../arm-none-eabi/lib/thumb/v7e-m+fp/hard\libc_nano.a(libc_a-impure.o)
                              C:/ST/STM32CubeIDE_1.12.0/STM32CubeIDE/plugins/com.st.stm32cube.ide.mcu.externaltools.gnu-tools-for-stm32.12.3.rel1.win32_1.1.0.202410251130/tools/bin/../lib/gcc/arm-none-eabi/12.3.1/../../../../arm-none-eabi/lib/thumb/v7e-m+fp/hard\libc_nano.a(libc_a-reent.o) (_impure_ptr)
C:/ST/STM32CubeIDE_1.12.0/STM32CubeIDE/plugins/com.st.stm32cube.ide.mcu.externaltools.gnu-tools-for-stm32.12.3.rel1.win32_1.1.0.202410251130/tools/bin/../lib/gcc/arm-none-eabi/12.3.1/../../../../arm-none-eabi/lib/thumb/v7e-m+fp/hard\libc_nano.a(libc_a-lseekr.o)
[...]
Memory Configuration

Name             Origin             Length             Attributes
RAM              0x20000000         0x00020000         xrw
FLASH            0x08000000         0x00080000         xr
*default*        0x00000000         0xffffffff

Linker script and memory map

LOAD C:/ST/STM32CubeIDE_1.12.0/STM32CubeIDE/plugins/com.st.stm32cube.ide.mcu.externaltools.gnu-tools-for-stm32.12.3.rel1.win32_1.1.0.202410251130/tools/bin/../lib/gcc/arm-none-eabi/12.3.1/thumb/v7e-m+fp/hard/crti.o
LOAD C:/ST/STM32CubeIDE_1.12.0/STM32CubeIDE/plugins/com.st.stm32cube.ide.mcu.externaltools.gnu-tools-for-stm32.12.3.rel1.win32_1.1.0.202410251130/tools/bin/../lib/gcc/arm-none-eabi/12.3.1/thumb/v7e-m+fp/hard/crtbegin.o
LOAD C:/ST/STM32CubeIDE_1.12.0/STM32CubeIDE/plugins/com.st.stm32cube.ide.mcu.externaltools.gnu-tools-for-stm32.12.3.rel1.win32_1.1.0.202410251130/tools/bin/../lib/gcc/arm-none-eabi/12.3.1/../../../../arm-none-eabi/lib/thumb/v7e-m+fp/hard/crt0.o
LOAD ./Core/Src/RC522.o
LOAD ./Core/Src/liquidcrystal_i2c.o
LOAD ./Core/Src/main.o
LOAD ./Core/Src/stm32f4xx_hal_msp.o
LOAD ./Core/Src/stm32f4xx_it.o
LOAD ./Core/Src/syscalls.o
LOAD ./Core/Src/sysmem.o
LOAD ./Core/Src/system_stm32f4xx.o
LOAD ./Core/Startup/startup_stm32f446retx.o
LOAD ./Drivers/STM32F4xx_HAL_Driver/Src/stm32f4xx_hal.o
LOAD ./Drivers/STM32F4xx_HAL_Driver/Src/stm32f4xx_hal_cortex.o
LOAD ./Drivers/STM32F4xx_HAL_Driver/Src/stm32f4xx_hal_dma.o
LOAD ./Drivers/STM32F4xx_HAL_Driver/Src/stm32f4xx_hal_dma_ex.o
LOAD ./Drivers/STM32F4xx_HAL_Driver/Src/stm32f4xx_hal_exti.o
LOAD ./Drivers/STM32F4xx_HAL_Driver/Src/stm32f4xx_hal_flash.o
LOAD ./Drivers/STM32F4xx_HAL_Driver/Src/stm32f4xx_hal_flash_ex.o
LOAD ./Drivers/STM32F4xx_HAL_Driver/Src/stm32f4xx_hal_flash_ramfunc.o
LOAD ./Drivers/STM32F4xx_HAL_Driver/Src/stm32f4xx_hal_gpio.o
LOAD ./Drivers/STM32F4xx_HAL_Driver/Src/stm32f4xx_hal_i2c.o
LOAD ./Drivers/STM32F4xx_HAL_Driver/Src/stm32f4xx_hal_i2c_ex.o
LOAD ./Drivers/STM32F4xx_HAL_Driver/Src/stm32f4xx_hal_pwr.o
LOAD ./Drivers/STM32F4xx_HAL_Driver/Src/stm32f4xx_hal_pwr_ex.o
LOAD ./Drivers/STM32F4xx_HAL_Driver/Src/stm32f4xx_hal_rcc.o
LOAD ./Drivers/STM32F4xx_HAL_Driver/Src/stm32f4xx_hal_rcc_ex.o
LOAD ./Drivers/STM32F4xx_HAL_Driver/Src/stm32f4xx_hal_spi.o
LOAD ./Drivers/STM32F4xx_HAL_Driver/Src/stm32f4xx_hal_tim.o
LOAD ./Drivers/STM32F4xx_HAL_Driver/Src/stm32f4xx_hal_tim_ex.o
LOAD ./Drivers/STM32F4xx_HAL_Driver/Src/stm32f4xx_hal_uart.o
START GROUP
LOAD C:/ST/STM32CubeIDE_1.12.0/STM32CubeIDE/plugins/com.st.stm32cube.ide.mcu.externaltools.gnu-tools-for-stm32.12.3.rel1.win32_1.1.0.202410251130/tools/bin/../lib/gcc/arm-none-eabi/12.3.1/../../../../arm-none-eabi/lib/thumb/v7e-m+fp/hard\libc_nano.a
LOAD C:/ST/STM32CubeIDE_1.12.0/STM32CubeIDE/plugins/com.st.stm32cube.ide.mcu.externaltools.gnu-tools-for-stm32.12.3.rel1.win32_1.1.0.202410251130/tools/bin/../lib/gcc/arm-none-eabi/12.3.1/../../../../arm-none-eabi/lib/thumb/v7e-m+fp/hard\libm.a
END GROUP
START GROUP
LOAD C:/ST/STM32CubeIDE_1.12.0/STM32CubeIDE/plugins/com.st.stm32cube.ide.mcu.externaltools.gnu-tools-for-stm32.12.3.rel1.win32_1.1.0.202410251130/tools/bin/../lib/gcc/arm-none-eabi/12.3.1/thumb/v7e-m+fp/hard\libgcc.a
LOAD C:/ST/STM32CubeIDE_1.12.0/STM32CubeIDE/plugins/com.st.stm32cube.ide.mcu.externaltools.gnu-tools-for-stm32.12.3.rel1.win32_1.1.0.202410251130/tools/bin/../lib/gcc/arm-none-eabi/12.3.1/../../../../arm-none-eabi/lib/thumb/v7e-m+fp/hard\libc_nano.a
END GROUP
START GROUP
LOAD C:/ST/STM32CubeIDE_1.12.0/STM32CubeIDE/plugins/com.st.stm32cube.ide.mcu.externaltools.gnu-tools-for-stm32.12.3.rel1.win32_1.1.0.202410251130/tools/bin/../lib/gcc/arm-none-eabi/12.3.1/thumb/v7e-m+fp/hard\libgcc.a
LOAD C:/ST/STM32CubeIDE_1.12.0/STM32CubeIDE/plugins/com.st.stm32cube.ide.mcu.externaltools.gnu-tools-for-stm32.12.3.rel1.win32_1.1.0.202410251130/tools/bin/../lib/gcc/arm-none-eabi/12.3.1/../../../../arm-none-eabi/lib/thumb/v7e-m+fp/hard\libc_nano.a
LOAD C:/ST/STM32CubeIDE_1.12.0/STM32CubeIDE/plugins/com.st.stm32cube.ide.mcu.externaltools.gnu-tools-for-stm32.12.3.rel1.win32_1.1.0.202410251130/tools/bin/../lib/gcc/arm-none-eabi/12.3.1/../../../../arm-none-eabi/lib/thumb/v7e-m+fp/hard\libnosys.a
END GROUP
START GROUP
LOAD C:/ST/STM32CubeIDE_1.12.0/STM32CubeIDE/plugins/com.st.stm32cube.ide.mcu.externaltools.gnu-tools-for-stm32.12.3.rel1.win32_1.1.0.202410251130/tools/bin/../lib/gcc/arm-none-eabi/12.3.1/thumb/v7e-m+fp/hard\libgcc.a
LOAD C:/ST/STM32CubeIDE_1.12.0/STM32CubeIDE/plugins/com.st.stm32cube.ide.mcu.externaltools.gnu-tools-for-stm32.12.3.rel1.win32_1.1.0.202410251130/tools/bin/../lib/gcc/arm-none-eabi/12.3.1/../../../../arm-none-eabi/lib/thumb/v7e-m+fp/hard\libc_nano.a
LOAD C:/ST/STM32CubeIDE_1.12.0/STM32CubeIDE/plugins/com.st.stm32cube.ide.mcu.externaltools.gnu-tools-for-stm32.12.3.rel1.win32_1.1.0.202410251130/tools/bin/../lib/gcc/arm-none-eabi/12.3.1/../../../../arm-none-eabi/lib/thumb/v7e-m+fp/hard\libnosys.a
END GROUP
LOAD C:/ST/STM32CubeIDE_1.12.0/STM32CubeIDE/plugins/com.st.stm32cube.ide.mcu.externaltools.gnu-tools-for-stm32.12.3.rel1.win32_1.1.0.202410251130/tools/bin/../lib/gcc/arm-none-eabi/12.3.1/thumb/v7e-m+fp/hard/crtend.o
LOAD C:/ST/STM32CubeIDE_1.12.0/STM32CubeIDE/plugins/com.st.stm32cube.ide.mcu.externaltools.gnu-tools-for-stm32.12.3.rel1.win32_1.1.0.202410251130/tools/bin/../lib/gcc/arm-none-eabi/12.3.1/thumb/v7e-m+fp/hard/crtn.o
                0x20020000                        _estack = (ORIGIN (RAM) + LENGTH (RAM))
                0x00000200                        _Min_Heap_Size = 0x200
                0x00000400                        _Min_Stack_Size = 0x400

.isr_vector     0x08000000      0x1c4
                0x08000000                        . = ALIGN (0x4)
 *(.isr_vector)
 .isr_vector    0x08000000      0x1c4 ./Core/Startup/startup_stm32f446retx.o
                0x08000000                g_pfnVectors
                0x080001c4                        . = ALIGN (0x4)

.text           0x080001c4     0x4920
                0x080001c4                        . = ALIGN (0x4)
 *(.text)
 .text          0x080001c4       0x40 C:/ST/STM32CubeIDE_1.12.0/STM32CubeIDE/plugins/com.st.stm32cube.ide.mcu.externaltools.gnu-tools-for-stm32.12.3.rel1.win32_1.1.0.202410251130/tools/bin/../lib/gcc/arm-none-eabi/12.3.1/thumb/v7e-m+fp/hard/crtbegin.o
 .text          0x08000204       0x30 C:/ST/STM32CubeIDE_1.12.0/STM32CubeIDE/plugins/com.st.stm32cube.ide.mcu.externaltools.gnu-tools-for-stm32.12.3.rel1.win32_1.1.0.202410251130/tools/bin/../lib/gcc/arm-none-eabi/12.3.1/thumb/v7e-m+fp/hard\libgcc.a(_aeabi_uldivmod.o)
                0x08000204                __aeabi_uldivmod
 .text          0x08000234      0x2bc C:/ST/STM32CubeIDE_1.12.0/STM32CubeIDE/plugins/com.st.stm32cube.ide.mcu.externaltools.gnu-tools-for-stm32.12.3.rel1.win32_1.1.0.202410251130/tools/bin/../lib/gcc/arm-none-eabi/12.3.1/thumb/v7e-m+fp/hard\libgcc.a(_udivmoddi4.o)
                0x08000234                __udivmoddi4
 .text          0x080004f0        0x4 C:/ST/STM32CubeIDE_1.12.0/STM32CubeIDE/plugins/com.st.stm32cube.ide.mcu.externaltools.gnu-tools-for-stm32.12.3.rel1.win32_1.1.0.202410251130/tools/bin/../lib/gcc/arm-none-eabi/12.3.1/thumb/v7e-m+fp/hard\libgcc.a(_dvmd_tls.o)
                0x080004f0                __aeabi_idiv0
                0x080004f0                __aeabi_ldiv0
 *(.text*)
 .text.RC522_SPI_Transfer
                0x080004f4       0x2c ./Core/Src/RC522.o
                0x080004f4                RC522_SPI_Transfer
 .text.Write_MFRC522
                0x08000520       0x50 ./Core/Src/RC522.o
                0x08000520                Write_MFRC522
 .text.Read_MFRC522
                0x08000570       0x54 ./Core/Src/RC522.o
                0x08000570                Read_MFRC522
 .text.SetBitMask
                0x080005c4       0x36 ./Core/Src/RC522.o
                0x080005c4                SetBitMask
 .text.ClearBitMask
                0x080005fa       0x40 ./Core/Src/RC522.o
                0x080005fa                ClearBitMask
 .text.AntennaOn
                0x0800063a       0x16 ./Core/Src/RC522.o
                0x0800063a                AntennaOn
 .text.MFRC522_Reset
                0x08000650       0x10 ./Core/Src/RC522.o
                0x08000650                MFRC522_Reset
 .text.MFRC522_Init
                0x08000660       0x60 ./Core/Src/RC522.o
                0x08000660                MFRC522_Init
 .text.MFRC522_ToCard
                0x080006c0      0x192 ./Core/Src/RC522.o
                0x080006c0                MFRC522_ToCard
 .text.MFRC522_Request
                0x08000852       0x4a ./Core/Src/RC522.o
                0x08000852                MFRC522_Request
 .text.MFRC522_Anticoll
                0x0800089c       0x7a ./Core/Src/RC522.o
                0x0800089c                MFRC522_Anticoll
 *fill*         0x08000916        0x2 
 .text.HD44780_Init
                0x08000918      0x108 ./Core/Src/liquidcrystal_i2c.o
                0x08000918                HD44780_Init
 .text.HD44780_Clear
                0x08000a20       0x16 ./Core/Src/liquidcrystal_i2c.o
                0x08000a20                HD44780_Clear
 .text.HD44780_Home
                0x08000a36       0x16 ./Core/Src/liquidcrystal_i2c.o
                0x08000a36                HD44780_Home
 .text.HD44780_SetCursor
                0x08000a4c       0x64 ./Core/Src/liquidcrystal_i2c.o
                0x08000a4c                HD44780_SetCursor
 .text.HD44780_Display
                0x08000ab0       0x2c ./Core/Src/liquidcrystal_i2c.o
                0x08000ab0                HD44780_Display
 .text.HD44780_CreateSpecialChar
                0x08000adc       0x52 ./Core/Src/liquidcrystal_i2c.o
                0x08000adc                HD44780_CreateSpecialChar
 .text.HD44780_PrintStr
                0x08000b2e       0x2a ./Core/Src/liquidcrystal_i2c.o
                0x08000b2e                HD44780_PrintStr
 .text.SendCommand
                0x08000b58       0x1c ./Core/Src/liquidcrystal_i2c.o
 .text.SendChar
                0x08000b74       0x1c ./Core/Src/liquidcrystal_i2c.o
 .text.Send     0x08000b90       0x42 ./Core/Src/liquidcrystal_i2c.o
 .text.Write4Bits
                0x08000bd2       0x22 ./Core/Src/liquidcrystal_i2c.o
 .text.ExpanderWrite
                0x08000bf4       0x38 ./Core/Src/liquidcrystal_i2c.o
 .text.PulseEnable
                0x08000c2c       0x3a ./Core/Src/liquidcrystal_i2c.o
 *fill*         0x08000c66        0x2 
 .text.DelayInit
                0x08000c68       0x54 ./Core/Src/liquidcrystal_i2c.o
 .text.DelayUS  0x08000cbc       0x50 ./Core/Src/liquidcrystal_i2c.o
 .text.set_servo_angle
                0x08000d0c       0x74 ./Core/Src/main.o
                0x08000d0c                set_servo_angle
 .text.main     0x08000d80      0x17c ./Core/Src/main.o
                0x08000d80                main
 .text.SystemClock_Config
                0x08000efc       0xd8 ./Core/Src/main.o
                0x08000efc                SystemClock_Config
 .text.MX_I2C2_Init
                0x08000fd4       0x5c ./Core/Src/main.o
 .text.MX_SPI1_Init
                0x08001030       0x6c ./Core/Src/main.o
 .text.MX_TIM3_Init
                0x0800109c       0xec ./Core/Src/main.o
 .text.MX_USART2_UART_Init
                0x08001188       0x54 ./Core/Src/main.o
 .text.MX_GPIO_Init
                0x080011dc       0xd4 ./Core/Src/main.o
 .text.Error_Handler
                0x080012b0        0xc ./Core/Src/main.o
                0x080012b0                Error_Handler
 .text.HAL_MspInit
                0x080012bc       0x50 ./Core/Src/stm32f4xx_hal_msp.o
                0x080012bc                HAL_MspInit
 .text.HAL_I2C_MspInit
                0x0800130c       0x90 ./Core/Src/stm32f4xx_hal_msp.o
                0x0800130c                HAL_I2C_MspInit
 .text.HAL_SPI_MspInit
                0x0800139c       0x90 ./Core/Src/stm32f4xx_hal_msp.o
                0x0800139c                HAL_SPI_MspInit
 .text.HAL_TIM_Base_MspInit
                0x0800142c       0x44 ./Core/Src/stm32f4xx_hal_msp.o
                0x0800142c                HAL_TIM_Base_MspInit
 .text.HAL_TIM_MspPostInit
                0x08001470       0x74 ./Core/Src/stm32f4xx_hal_msp.o
                0x08001470                HAL_TIM_MspPostInit
 .text.HAL_UART_MspInit
                0x080014e4       0x90 ./Core/Src/stm32f4xx_hal_msp.o
                0x080014e4                HAL_UART_MspInit
 .text.NMI_Handler
                0x08001574        0x8 ./Core/Src/stm32f4xx_it.o
                0x08001574                NMI_Handler
 .text.HardFault_Handler
                0x0800157c        0x8 ./Core/Src/stm32f4xx_it.o
                0x0800157c                HardFault_Handler
 .text.MemManage_Handler
                0x08001584        0x8 ./Core/Src/stm32f4xx_it.o
                0x08001584                MemManage_Handler
 .text.BusFault_Handler
                0x0800158c        0x8 ./Core/Src/stm32f4xx_it.o
                0x0800158c                BusFault_Handler
 .text.UsageFault_Handler
                0x08001594        0x8 ./Core/Src/stm32f4xx_it.o
                0x08001594                UsageFault_Handler
 .text.SVC_Handler
                0x0800159c        0xe ./Core/Src/stm32f4xx_it.o
                0x0800159c                SVC_Handler
 .text.DebugMon_Handler
                0x080015aa        0xe ./Core/Src/stm32f4xx_it.o
                0x080015aa                DebugMon_Handler
 .text.PendSV_Handler
                0x080015b8        0xe ./Core/Src/stm32f4xx_it.o
                0x080015b8                PendSV_Handler
 .text.SysTick_Handler
                0x080015c6        0xc ./Core/Src/stm32f4xx_it.o
                0x080015c6                SysTick_Handler
 *fill*         0x080015d2        0x2 
 .text.SystemInit
                0x080015d4       0x24 ./Core/Src/system_stm32f4xx.o
                0x080015d4                SystemInit
 .text.Reset_Handler
                0x080015f8       0x50 ./Core/Startup/startup_stm32f446retx.o
                0x080015f8                Reset_Handler
 .text.Default_Handler
                0x08001648        0x2 ./Core/Startup/startup_stm32f446retx.o
                0x08001648                RTC_Alarm_IRQHandler
                0x08001648                EXTI2_IRQHandler
                0x08001648                TIM8_CC_IRQHandler
                0x08001648                FMPI2C1_EV_IRQHandler
                0x08001648                SPI4_IRQHandler
                0x08001648                TIM1_CC_IRQHandler
                0x08001648                DMA2_Stream5_IRQHandler
                0x08001648                DMA1_Stream5_IRQHandler
                0x08001648                PVD_IRQHandler
                0x08001648                SDIO_IRQHandler
                0x08001648                TAMP_STAMP_IRQHandler
                0x08001648                CAN2_RX1_IRQHandler
                0x08001648                EXTI3_IRQHandler
                0x08001648                TIM8_TRG_COM_TIM14_IRQHandler
                0x08001648                TIM1_UP_TIM10_IRQHandler
                0x08001648                TIM8_UP_TIM13_IRQHandler
                0x08001648                I2C3_ER_IRQHandler
                0x08001648                EXTI0_IRQHandler
                0x08001648                I2C2_EV_IRQHandler
                0x08001648                DMA1_Stream2_IRQHandler
                0x08001648                CAN1_RX0_IRQHandler
                0x08001648                FPU_IRQHandler
                0x08001648                OTG_HS_WKUP_IRQHandler
                0x08001648                CAN2_SCE_IRQHandler
                0x08001648                DMA2_Stream2_IRQHandler
                0x08001648                SPI1_IRQHandler
                0x08001648                TIM6_DAC_IRQHandler
                0x08001648                TIM1_BRK_TIM9_IRQHandler
                0x08001648                DCMI_IRQHandler
                0x08001648                CAN2_RX0_IRQHandler
                0x08001648                DMA2_Stream3_IRQHandler
                0x08001648                SAI2_IRQHandler
                0x08001648                USART6_IRQHandler
                0x08001648                USART3_IRQHandler
                0x08001648                CAN1_RX1_IRQHandler
                0x08001648                UART5_IRQHandler
                0x08001648                DMA2_Stream0_IRQHandler
                0x08001648                TIM4_IRQHandler
                0x08001648                QUADSPI_IRQHandler
                0x08001648                I2C1_EV_IRQHandler
                0x08001648                DMA1_Stream6_IRQHandler
                0x08001648                DMA1_Stream1_IRQHandler
                0x08001648                UART4_IRQHandler
                0x08001648                TIM3_IRQHandler
                0x08001648                RCC_IRQHandler
                0x08001648                TIM8_BRK_TIM12_IRQHandler
                0x08001648                Default_Handler
                0x08001648                CEC_IRQHandler
                0x08001648                EXTI15_10_IRQHandler
                0x08001648                ADC_IRQHandler
                0x08001648                DMA1_Stream7_IRQHandler
                0x08001648                TIM7_IRQHandler
                0x08001648                CAN2_TX_IRQHandler
                0x08001648                TIM5_IRQHandler
                0x08001648                DMA2_Stream7_IRQHandler
                0x08001648                I2C3_EV_IRQHandler
                0x08001648                EXTI9_5_IRQHandler
                0x08001648                RTC_WKUP_IRQHandler
                0x08001648                SPDIF_RX_IRQHandler
                0x08001648                SPI2_IRQHandler
                0x08001648                OTG_HS_EP1_IN_IRQHandler
                0x08001648                DMA1_Stream0_IRQHandler
                0x08001648                CAN1_TX_IRQHandler
                0x08001648                FMPI2C1_ER_IRQHandler
                0x08001648                EXTI4_IRQHandler
                0x08001648                OTG_HS_EP1_OUT_IRQHandler
                0x08001648                WWDG_IRQHandler
                0x08001648                TIM2_IRQHandler
                0x08001648                OTG_FS_WKUP_IRQHandler
                0x08001648                TIM1_TRG_COM_TIM11_IRQHandler
                0x08001648                OTG_HS_IRQHandler
                0x08001648                EXTI1_IRQHandler
                0x08001648                USART2_IRQHandler
                0x08001648                I2C2_ER_IRQHandler
                0x08001648                DMA2_Stream1_IRQHandler
                0x08001648                CAN1_SCE_IRQHandler
                0x08001648                FLASH_IRQHandler
                0x08001648                DMA2_Stream4_IRQHandler
                0x08001648                USART1_IRQHandler
                0x08001648                OTG_FS_IRQHandler
                0x08001648                SPI3_IRQHandler
                0x08001648                DMA1_Stream4_IRQHandler
                0x08001648                I2C1_ER_IRQHandler
                0x08001648                FMC_IRQHandler
                0x08001648                DMA2_Stream6_IRQHandler
                0x08001648                SAI1_IRQHandler
                0x08001648                DMA1_Stream3_IRQHandler
 *fill*         0x0800164a        0x2 
 .text.HAL_Init
                0x0800164c       0x44 ./Drivers/STM32F4xx_HAL_Driver/Src/stm32f4xx_hal.o
                0x0800164c                HAL_Init
 .text.HAL_InitTick
                0x08001690       0x60 ./Drivers/STM32F4xx_HAL_Driver/Src/stm32f4xx_hal.o
                0x08001690                HAL_InitTick
 .text.HAL_IncTick
                0x080016f0       0x28 ./Drivers/STM32F4xx_HAL_Driver/Src/stm32f4xx_hal.o
                0x080016f0                HAL_IncTick
 .text.HAL_GetTick
                0x08001718       0x18 ./Drivers/STM32F4xx_HAL_Driver/Src/stm32f4xx_hal.o
                0x08001718                HAL_GetTick
 .text.HAL_Delay
                0x08001730       0x48 ./Drivers/STM32F4xx_HAL_Driver/Src/stm32f4xx_hal.o
                0x08001730                HAL_Delay
 .text.__NVIC_SetPriorityGrouping
                0x08001778       0x48 ./Drivers/STM32F4xx_HAL_Driver/Src/stm32f4xx_hal_cortex.o
 .text.__NVIC_GetPriorityGrouping
                0x080017c0       0x1c ./Drivers/STM32F4xx_HAL_Driver/Src/stm32f4xx_hal_cortex.o
 .text.__NVIC_SetPriority
                0x080017dc       0x54 ./Drivers/STM32F4xx_HAL_Driver/Src/stm32f4xx_hal_cortex.o
 .text.NVIC_EncodePriority
                0x08001830       0x66 ./Drivers/STM32F4xx_HAL_Driver/Src/stm32f4xx_hal_cortex.o
 *fill*         0x08001896        0x2 
 .text.SysTick_Config
                0x08001898       0x44 ./Drivers/STM32F4xx_HAL_Driver/Src/stm32f4xx_hal_cortex.o
 .text.HAL_NVIC_SetPriorityGrouping
                0x080018dc       0x16 ./Drivers/STM32F4xx_HAL_Driver/Src/stm32f4xx_hal_cortex.o
                0x080018dc                HAL_NVIC_SetPriorityGrouping
 .text.HAL_NVIC_SetPriority
                0x080018f2       0x38 ./Drivers/STM32F4xx_HAL_Driver/Src/stm32f4xx_hal_cortex.o
                0x080018f2                HAL_NVIC_SetPriority
 .text.HAL_SYSTICK_Config
                0x0800192a       0x18 ./Drivers/STM32F4xx_HAL_Driver/Src/stm32f4xx_hal_cortex.o
                0x0800192a                HAL_SYSTICK_Config
 *fill*         0x08001942        0x2 
 .text.HAL_GPIO_Init
                0x08001944      0x328 ./Drivers/STM32F4xx_HAL_Driver/Src/stm32f4xx_hal_gpio.o
                0x08001944                HAL_GPIO_Init
 .text.HAL_GPIO_WritePin
                0x08001c6c       0x32 ./Drivers/STM32F4xx_HAL_Driver/Src/stm32f4xx_hal_gpio.o
                0x08001c6c                HAL_GPIO_WritePin
 *fill*         0x08001c9e        0x2 
 .text.HAL_I2C_Init
                0x08001ca0      0x288 ./Drivers/STM32F4xx_HAL_Driver/Src/stm32f4xx_hal_i2c.o
                0x08001ca0                HAL_I2C_Init
 .text.HAL_I2C_Master_Transmit
                0x08001f28      0x1fc ./Drivers/STM32F4xx_HAL_Driver/Src/stm32f4xx_hal_i2c.o
                0x08001f28                HAL_I2C_Master_Transmit
 .text.I2C_MasterRequestWrite
                0x08002124      0x104 ./Drivers/STM32F4xx_HAL_Driver/Src/stm32f4xx_hal_i2c.o
 .text.I2C_WaitOnFlagUntilTimeout
                0x08002228       0xf4 ./Drivers/STM32F4xx_HAL_Driver/Src/stm32f4xx_hal_i2c.o
 .text.I2C_WaitOnMasterAddressFlagUntilTimeout
                0x0800231c      0x140 ./Drivers/STM32F4xx_HAL_Driver/Src/stm32f4xx_hal_i2c.o
 .text.I2C_WaitOnTXEFlagUntilTimeout
                0x0800245c       0x90 ./Drivers/STM32F4xx_HAL_Driver/Src/stm32f4xx_hal_i2c.o
 .text.I2C_WaitOnBTFFlagUntilTimeout
                0x080024ec       0x90 ./Drivers/STM32F4xx_HAL_Driver/Src/stm32f4xx_hal_i2c.o
 .text.I2C_IsAcknowledgeFailed
                0x0800257c       0x5e ./Drivers/STM32F4xx_HAL_Driver/Src/stm32f4xx_hal_i2c.o
 *fill*         0x080025da        0x2 
 .text.HAL_RCC_ClockConfig
                0x080025dc      0x1cc ./Drivers/STM32F4xx_HAL_Driver/Src/stm32f4xx_hal_rcc.o
                0x080025dc                HAL_RCC_ClockConfig
 .text.HAL_RCC_GetHCLKFreq
                0x080027a8       0x18 ./Drivers/STM32F4xx_HAL_Driver/Src/stm32f4xx_hal_rcc.o
                0x080027a8                HAL_RCC_GetHCLKFreq
 .text.HAL_RCC_GetPCLK1Freq
                0x080027c0       0x28 ./Drivers/STM32F4xx_HAL_Driver/Src/stm32f4xx_hal_rcc.o
                0x080027c0                HAL_RCC_GetPCLK1Freq
 .text.HAL_RCC_GetPCLK2Freq
                0x080027e8       0x28 ./Drivers/STM32F4xx_HAL_Driver/Src/stm32f4xx_hal_rcc.o
                0x080027e8                HAL_RCC_GetPCLK2Freq
 .text.HAL_RCC_GetSysClockFreq
                0x08002810      0x460 ./Drivers/STM32F4xx_HAL_Driver/Src/stm32f4xx_hal_rcc_ex.o
                0x08002810                HAL_RCC_GetSysClockFreq
 .text.HAL_RCC_OscConfig
                0x08002c70      0x53c ./Drivers/STM32F4xx_HAL_Driver/Src/stm32f4xx_hal_rcc_ex.o
                0x08002c70                HAL_RCC_OscConfig
 .text.HAL_SPI_Init
                0x080031ac      0x112 ./Drivers/STM32F4xx_HAL_Driver/Src/stm32f4xx_hal_spi.o
                0x080031ac                HAL_SPI_Init
 .text.HAL_SPI_TransmitReceive
                0x080032be      0x352 ./Drivers/STM32F4xx_HAL_Driver/Src/stm32f4xx_hal_spi.o
                0x080032be                HAL_SPI_TransmitReceive
 .text.SPI_WaitFlagStateUntilTimeout
                0x08003610      0x110 ./Drivers/STM32F4xx_HAL_Driver/Src/stm32f4xx_hal_spi.o
 .text.SPI_EndRxTxTransaction
                0x08003720       0xa8 ./Drivers/STM32F4xx_HAL_Driver/Src/stm32f4xx_hal_spi.o
 .text.HAL_TIM_Base_Init
                0x080037c8       0x9e ./Drivers/STM32F4xx_HAL_Driver/Src/stm32f4xx_hal_tim.o
                0x080037c8                HAL_TIM_Base_Init
 .text.HAL_TIM_PWM_Init
                0x08003866       0x9e ./Drivers/STM32F4xx_HAL_Driver/Src/stm32f4xx_hal_tim.o
                0x08003866                HAL_TIM_PWM_Init
 .text.HAL_TIM_PWM_MspInit
                0x08003904       0x14 ./Drivers/STM32F4xx_HAL_Driver/Src/stm32f4xx_hal_tim.o
                0x08003904                HAL_TIM_PWM_MspInit
 .text.HAL_TIM_PWM_Start
                0x08003918      0x190 ./Drivers/STM32F4xx_HAL_Driver/Src/stm32f4xx_hal_tim.o
                0x08003918                HAL_TIM_PWM_Start
 .text.HAL_TIM_PWM_ConfigChannel
                0x08003aa8      0x184 ./Drivers/STM32F4xx_HAL_Driver/Src/stm32f4xx_hal_tim.o
                0x08003aa8                HAL_TIM_PWM_ConfigChannel
 .text.HAL_TIM_ConfigClockSource
                0x08003c2c      0x18e ./Drivers/STM32F4xx_HAL_Driver/Src/stm32f4xx_hal_tim.o
                0x08003c2c                HAL_TIM_ConfigClockSource
 *fill*         0x08003dba        0x2 
 .text.TIM_Base_SetConfig
                0x08003dbc      0x158 ./Drivers/STM32F4xx_HAL_Driver/Src/stm32f4xx_hal_tim.o
                0x08003dbc                TIM_Base_SetConfig
 .text.TIM_OC1_SetConfig
                0x08003f14       0xe0 ./Drivers/STM32F4xx_HAL_Driver/Src/stm32f4xx_hal_tim.o
 .text.TIM_OC2_SetConfig
                0x08003ff4       0xec ./Drivers/STM32F4xx_HAL_Driver/Src/stm32f4xx_hal_tim.o
                0x08003ff4                TIM_OC2_SetConfig
 .text.TIM_OC3_SetConfig
                0x080040e0       0xe8 ./Drivers/STM32F4xx_HAL_Driver/Src/stm32f4xx_hal_tim.o
 .text.TIM_OC4_SetConfig
                0x080041c8       0xac ./Drivers/STM32F4xx_HAL_Driver/Src/stm32f4xx_hal_tim.o
 .text.TIM_TI1_ConfigInputStage
                0x08004274       0x5e ./Drivers/STM32F4xx_HAL_Driver/Src/stm32f4xx_hal_tim.o
 .text.TIM_TI2_ConfigInputStage
                0x080042d2       0x60 ./Drivers/STM32F4xx_HAL_Driver/Src/stm32f4xx_hal_tim.o
 .text.TIM_ITRx_SetConfig
                0x08004332       0x36 ./Drivers/STM32F4xx_HAL_Driver/Src/stm32f4xx_hal_tim.o
 .text.TIM_ETR_SetConfig
                0x08004368       0x40 ./Drivers/STM32F4xx_HAL_Driver/Src/stm32f4xx_hal_tim.o
                0x08004368                TIM_ETR_SetConfig
 .text.TIM_CCxChannelCmd
                0x080043a8       0x4a ./Drivers/STM32F4xx_HAL_Driver/Src/stm32f4xx_hal_tim.o
                0x080043a8                TIM_CCxChannelCmd
 *fill*         0x080043f2        0x2 
 .text.HAL_TIMEx_MasterConfigSynchronization
                0x080043f4       0xf8 ./Drivers/STM32F4xx_HAL_Driver/Src/stm32f4xx_hal_tim_ex.o
                0x080043f4                HAL_TIMEx_MasterConfigSynchronization
 .text.HAL_UART_Init
                0x080044ec       0xa0 ./Drivers/STM32F4xx_HAL_Driver/Src/stm32f4xx_hal_uart.o
                0x080044ec                HAL_UART_Init
 .text.UART_SetConfig
                0x0800458c      0x4e8 ./Drivers/STM32F4xx_HAL_Driver/Src/stm32f4xx_hal_uart.o
 .text.memset   0x08004a74       0x10 C:/ST/STM32CubeIDE_1.12.0/STM32CubeIDE/plugins/com.st.stm32cube.ide.mcu.externaltools.gnu-tools-for-stm32.12.3.rel1.win32_1.1.0.202410251130/tools/bin/../lib/gcc/arm-none-eabi/12.3.1/../../../../arm-none-eabi/lib/thumb/v7e-m+fp/hard\libc_nano.a(libc_a-memset.o)
                0x08004a74                memset
 .text.__libc_init_array
                0x08004a84       0x48 C:/ST/STM32CubeIDE_1.12.0/STM32CubeIDE/plugins/com.st.stm32cube.ide.mcu.externaltools.gnu-tools-for-stm32.12.3.rel1.win32_1.1.0.202410251130/tools/bin/../lib/gcc/arm-none-eabi/12.3.1/../../../../arm-none-eabi/lib/thumb/v7e-m+fp/hard\libc_nano.a(libc_a-init.o)
                0x08004a84                __libc_init_array
 *(.glue_7)
 .glue_7        0x08004acc        0x0 linker stubs
 *(.glue_7t)
 .glue_7t       0x08004acc        0x0 linker stubs
 *(.eh_frame)
 .eh_frame      0x08004acc        0x0 C:/ST/STM32CubeIDE_1.12.0/STM32CubeIDE/plugins/com.st.stm32cube.ide.mcu.externaltools.gnu-tools-for-stm32.12.3.rel1.win32_1.1.0.202410251130/tools/bin/../lib/gcc/arm-none-eabi/12.3.1/thumb/v7e-m+fp/hard/crtbegin.o
 *(.init)
 .init          0x08004acc        0x4 C:/ST/STM32CubeIDE_1.12.0/STM32CubeIDE/plugins/com.st.stm32cube.ide.mcu.externaltools.gnu-tools-for-stm32.12.3.rel1.win32_1.1.0.202410251130/tools/bin/../lib/gcc/arm-none-eabi/12.3.1/thumb/v7e-m+fp/hard/crti.o
                0x08004acc                _init
 .init          0x08004ad0        0x8 C:/ST/STM32CubeIDE_1.12.0/STM32CubeIDE/plugins/com.st.stm32cube.ide.mcu.externaltools.gnu-tools-for-stm32.12.3.rel1.win32_1.1.0.202410251130/tools/bin/../lib/gcc/arm-none-eabi/12.3.1/thumb/v7e-m+fp/hard/crtn.o
 *(.fini)
 .fini          0x08004ad8        0x4 C:/ST/STM32CubeIDE_1.12.0/STM32CubeIDE/plugins/com.st.stm32cube.ide.mcu.externaltools.gnu-tools-for-stm32.12.3.rel1.win32_1.1.0.202410251130/tools/bin/../lib/gcc/arm-none-eabi/12.3.1/thumb/v7e-m+fp/hard/crti.o
                0x08004ad8                _fini
 .fini          0x08004adc        0x8 C:/ST/STM32CubeIDE_1.12.0/STM32CubeIDE/plugins/com.st.stm32cube.ide.mcu.externaltools.gnu-tools-for-stm32.12.3.rel1.win32_1.1.0.202410251130/tools/bin/../lib/gcc/arm-none-eabi/12.3.1/thumb/v7e-m+fp/hard/crtn.o
                0x08004ae4                        . = ALIGN (0x4)
                0x08004ae4                        _etext = .

.vfp11_veneer   0x08004ae4        0x0
 .vfp11_veneer  0x08004ae4        0x0 linker stubs

.v4_bx          0x08004ae4        0x0
 .v4_bx         0x08004ae4        0x0 linker stubs

.iplt           0x08004ae4        0x0
 .iplt          0x08004ae4        0x0 C:/ST/STM32CubeIDE_1.12.0/STM32CubeIDE/plugins/com.st.stm32cube.ide.mcu.externaltools.gnu-tools-for-stm32.12.3.rel1.win32_1.1.0.202410251130/tools/bin/../lib/gcc/arm-none-eabi/12.3.1/thumb/v7e-m+fp/hard/crtbegin.o

.rodata         0x08004ae4       0x78
                0x08004ae4                        . = ALIGN (0x4)
 *(.rodata)
 .rodata        0x08004ae4       0x10 ./Core/Src/liquidcrystal_i2c.o
 .rodata        0x08004af4       0x4f ./Core/Src/main.o
 *(.rodata*)
 *fill*         0x08004b43        0x1 
 .rodata.AHBPrescTable
                0x08004b44       0x10 ./Core/Src/system_stm32f4xx.o
                0x08004b44                AHBPrescTable
 .rodata.APBPrescTable
                0x08004b54        0x8 ./Core/Src/system_stm32f4xx.o
                0x08004b54                APBPrescTable
                0x08004b5c                        . = ALIGN (0x4)

.ARM.extab      0x08004b5c        0x0
                0x08004b5c                        . = ALIGN (0x4)
 *(.ARM.extab* .gnu.linkonce.armextab.*)
                0x08004b5c                        . = ALIGN (0x4)

.ARM            0x08004b5c        0x8
                0x08004b5c                        . = ALIGN (0x4)
                0x08004b5c                        __exidx_start = .
 *(.ARM.exidx*)
 .ARM.exidx     0x08004b5c        0x8 C:/ST/STM32CubeIDE_1.12.0/STM32CubeIDE/plugins/com.st.stm32cube.ide.mcu.externaltools.gnu-tools-for-stm32.12.3.rel1.win32_1.1.0.202410251130/tools/bin/../lib/gcc/arm-none-eabi/12.3.1/thumb/v7e-m+fp/hard\libgcc.a(_udivmoddi4.o)
                0x08004b64                        __exidx_end = .
                0x08004b64                        . = ALIGN (0x4)

.rel.dyn        0x08004b64        0x0
 .rel.iplt      0x08004b64        0x0 C:/ST/STM32CubeIDE_1.12.0/STM32CubeIDE/plugins/com.st.stm32cube.ide.mcu.externaltools.gnu-tools-for-stm32.12.3.rel1.win32_1.1.0.202410251130/tools/bin/../lib/gcc/arm-none-eabi/12.3.1/thumb/v7e-m+fp/hard/crtbegin.o

.preinit_array  0x08004b64        0x0
                0x08004b64                        . = ALIGN (0x4)
                0x08004b64                        PROVIDE (__preinit_array_start = .)
 *(.preinit_array*)
                0x08004b64                        PROVIDE (__preinit_array_end = .)
                0x08004b64                        . = ALIGN (0x4)

.init_array     0x08004b64        0x4
                0x08004b64                        . = ALIGN (0x4)
                0x08004b64                        PROVIDE (__init_array_start = .)
 *(SORT_BY_NAME(.init_array.*))
 *(.init_array*)
 .init_array    0x08004b64        0x4 C:/ST/STM32CubeIDE_1.12.0/STM32CubeIDE/plugins/com.st.stm32cube.ide.mcu.externaltools.gnu-tools-for-stm32.12.3.rel1.win32_1.1.0.202410251130/tools/bin/../lib/gcc/arm-none-eabi/12.3.1/thumb/v7e-m+fp/hard/crtbegin.o
                0x08004b68                        PROVIDE (__init_array_end = .)
                0x08004b68                        . = ALIGN (0x4)

.fini_array     0x08004b68        0x4
                0x08004b68                        . = ALIGN (0x4)
                [!provide]                        PROVIDE (__fini_array_start = .)
 *(SORT_BY_NAME(.fini_array.*))
 *(.fini_array*)
 .fini_array    0x08004b68        0x4 C:/ST/STM32CubeIDE_1.12.0/STM32CubeIDE/plugins/com.st.stm32cube.ide.mcu.externaltools.gnu-tools-for-stm32.12.3.rel1.win32_1.1.0.202410251130/tools/bin/../lib/gcc/arm-none-eabi/12.3.1/thumb/v7e-m+fp/hard/crtbegin.o
                [!provide]                        PROVIDE (__fini_array_end = .)
                0x08004b6c                        . = ALIGN (0x4)
                0x08004b6c                        _sidata = LOADADDR (.data)

.data           0x20000000       0x1c load address 0x08004b6c
                0x20000000                        . = ALIGN (0x4)
                0x20000000                        _sdata = .
 *(.data)
 *(.data*)
 .data.special1
                0x20000000        0x8 ./Core/Src/liquidcrystal_i2c.o
                0x20000000                special1
 .data.special2
                0x20000008        0x8 ./Core/Src/liquidcrystal_i2c.o
                0x20000008                special2
 .data.SystemCoreClock
                0x20000010        0x4 ./Core/Src/system_stm32f4xx.o
                0x20000010                SystemCoreClock
 .data.uwTickPrio
                0x20000014        0x4 ./Drivers/STM32F4xx_HAL_Driver/Src/stm32f4xx_hal.o
                0x20000014                uwTickPrio
 .data.uwTickFreq
                0x20000018        0x1 ./Drivers/STM32F4xx_HAL_Driver/Src/stm32f4xx_hal.o
                0x20000018                uwTickFreq
 *(.RamFunc)
 *(.RamFunc*)
                0x2000001c                        . = ALIGN (0x4)
 *fill*         0x20000019        0x3 
                0x2000001c                        _edata = .

.igot.plt       0x2000001c        0x0 load address 0x08004b88
 .igot.plt      0x2000001c        0x0 C:/ST/STM32CubeIDE_1.12.0/STM32CubeIDE/plugins/com.st.stm32cube.ide.mcu.externaltools.gnu-tools-for-stm32.12.3.rel1.win32_1.1.0.202410251130/tools/bin/../lib/gcc/arm-none-eabi/12.3.1/thumb/v7e-m+fp/hard/crtbegin.o
                0x2000001c                        . = ALIGN (0x4)

.bss            0x2000001c      0x180 load address 0x08004b88
                0x2000001c                        _sbss = .
                0x2000001c                        __bss_start__ = _sbss
 *(.bss)
 .bss           0x2000001c       0x1c C:/ST/STM32CubeIDE_1.12.0/STM32CubeIDE/plugins/com.st.stm32cube.ide.mcu.externaltools.gnu-tools-for-stm32.12.3.rel1.win32_1.1.0.202410251130/tools/bin/../lib/gcc/arm-none-eabi/12.3.1/thumb/v7e-m+fp/hard/crtbegin.o
 *(.bss*)
 .bss.dpFunction
                0x20000038        0x1 ./Core/Src/liquidcrystal_i2c.o
                0x20000038                dpFunction
 .bss.dpControl
                0x20000039        0x1 ./Core/Src/liquidcrystal_i2c.o
                0x20000039                dpControl
 .bss.dpMode    0x2000003a        0x1 ./Core/Src/liquidcrystal_i2c.o
                0x2000003a                dpMode
 .bss.dpRows    0x2000003b        0x1 ./Core/Src/liquidcrystal_i2c.o
                0x2000003b                dpRows
 .bss.dpBacklight
                0x2000003c        0x1 ./Core/Src/liquidcrystal_i2c.o
                0x2000003c                dpBacklight
 *fill*         0x2000003d        0x3 
 .bss.hi2c2     0x20000040       0x54 ./Core/Src/main.o
                0x20000040                hi2c2
 .bss.hspi1     0x20000094       0x58 ./Core/Src/main.o
                0x20000094                hspi1
 .bss.htim3     0x200000ec       0x48 ./Core/Src/main.o
                0x200000ec                htim3
 .bss.huart2    0x20000134       0x48 ./Core/Src/main.o
                0x20000134                huart2
 .bss.status    0x2000017c        0x1 ./Core/Src/main.o
                0x2000017c                status
 *fill*         0x2000017d        0x3 
 .bss.str       0x20000180       0x10 ./Core/Src/main.o
                0x20000180                str
 .bss.sNum      0x20000190        0x5 ./Core/Src/main.o
                0x20000190                sNum
 *fill*         0x20000195        0x3 
 .bss.uwTick    0x20000198        0x4 ./Drivers/STM32F4xx_HAL_Driver/Src/stm32f4xx_hal.o
                0x20000198                uwTick
 *(COMMON)
                0x2000019c                        . = ALIGN (0x4)
                0x2000019c                        _ebss = .
                0x2000019c                        __bss_end__ = _ebss

._user_heap_stack
                0x2000019c      0x604 load address 0x08004b88
                0x200001a0                        . = ALIGN (0x8)
 *fill*         0x2000019c        0x4 
                [!provide]                        PROVIDE (end = .)
                0x200001a0                        PROVIDE (_end = .)
                0x200003a0                        . = (. + _Min_Heap_Size)
 *fill*         0x200001a0      0x200 
                0x200007a0                        . = (. + _Min_Stack_Size)
 *fill*         0x200003a0      0x400 
                0x200007a0                        . = ALIGN (0x8)

/DISCARD/
 libc.a(*)
 libm.a(*)
 libgcc.a(*)

.ARM.attributes
                0x00000000       0x30
 *(.ARM.attributes)
 .ARM.attributes
                0x00000000       0x22 C:/ST/STM32CubeIDE_1.12.0/STM32CubeIDE/plugins/com.st.stm32cube.ide.mcu.externaltools.gnu-tools-for-stm32.12.3.rel1.win32_1.1.0.202410251130/tools/bin/../lib/gcc/arm-none-eabi/12.3.1/thumb/v7e-m+fp/hard/crti.o
 .ARM.attributes
                0x00000022       0x34 C:/ST/STM32CubeIDE_1.12.0/STM32CubeIDE/plugins/com.st.stm32cube.ide.mcu.externaltools.gnu-tools-for-stm32.12.3.rel1.win32_1.1.0.202410251130/tools/bin/../lib/gcc/arm-none-eabi/12.3.1/thumb/v7e-m+fp/hard/crtbegin.o
 .ARM.attributes
                0x00000056       0x34 ./Core/Src/RC522.o
 .ARM.attributes
                0x0000008a       0x34 ./Core/Src/liquidcrystal_i2c.o
 .ARM.attributes
                0x000000be       0x34 ./Core/Src/main.o
 .ARM.attributes
                0x000000f2       0x34 ./Core/Src/stm32f4xx_hal_msp.o
 .ARM.attributes
                0x00000126       0x34 ./Core/Src/stm32f4xx_it.o
 .ARM.attributes
                0x0000015a       0x34 ./Core/Src/system_stm32f4xx.o
 .ARM.attributes
                0x0000018e       0x21 ./Core/Startup/startup_stm32f446retx.o
 .ARM.attributes
                0x000001af       0x34 ./Drivers/STM32F4xx_HAL_Driver/Src/stm32f4xx_hal.o
 .ARM.attributes
                0x000001e3       0x34 ./Drivers/STM32F4xx_HAL_Driver/Src/stm32f4xx_hal_cortex.o
 .ARM.attributes
                0x00000217       0x34 ./Drivers/STM32F4xx_HAL_Driver/Src/stm32f4xx_hal_gpio.o
 .ARM.attributes
                0x0000024b       0x34 ./Drivers/STM32F4xx_HAL_Driver/Src/stm32f4xx_hal_i2c.o
 .ARM.attributes
                0x0000027f       0x34 ./Drivers/STM32F4xx_HAL_Driver/Src/stm32f4xx_hal_rcc.o
 .ARM.attributes
                0x000002b3       0x34 ./Drivers/STM32F4xx_HAL_Driver/Src/stm32f4xx_hal_rcc_ex.o
 .ARM.attributes
                0x000002e7       0x34 ./Drivers/STM32F4xx_HAL_Driver/Src/stm32f4xx_hal_spi.o
 .ARM.attributes
                0x0000031b       0x34 ./Drivers/STM32F4xx_HAL_Driver/Src/stm32f4xx_hal_tim.o
 .ARM.attributes
                0x0000034f       0x34 ./Drivers/STM32F4xx_HAL_Driver/Src/stm32f4xx_hal_tim_ex.o
 .ARM.attributes
                0x00000383       0x34 ./Drivers/STM32F4xx_HAL_Driver/Src/stm32f4xx_hal_uart.o
 .ARM.attributes
                0x000003b7       0x34 C:/ST/STM32CubeIDE_1.12.0/STM32CubeIDE/plugins/com.st.stm32cube.ide.mcu.externaltools.gnu-tools-for-stm32.12.3.rel1.win32_1.1.0.202410251130/tools/bin/../lib/gcc/arm-none-eabi/12.3.1/../../../../arm-none-eabi/lib/thumb/v7e-m+fp/hard\libc_nano.a(libc_a-memset.o)
 .ARM.attributes
                0x000003eb       0x34 C:/ST/STM32CubeIDE_1.12.0/STM32CubeIDE/plugins/com.st.stm32cube.ide.mcu.externaltools.gnu-tools-for-stm32.12.3.rel1.win32_1.1.0.202410251130/tools/bin/../lib/gcc/arm-none-eabi/12.3.1/../../../../arm-none-eabi/lib/thumb/v7e-m+fp/hard\libc_nano.a(libc_a-init.o)
 .ARM.attributes
                0x0000041f       0x22 C:/ST/STM32CubeIDE_1.12.0/STM32CubeIDE/plugins/com.st.stm32cube.ide.mcu.externaltools.gnu-tools-for-stm32.12.3.rel1.win32_1.1.0.202410251130/tools/bin/../lib/gcc/arm-none-eabi/12.3.1/thumb/v7e-m+fp/hard\libgcc.a(_aeabi_uldivmod.o)
 .ARM.attributes
                0x00000441       0x34 C:/ST/STM32CubeIDE_1.12.0/STM32CubeIDE/plugins/com.st.stm32cube.ide.mcu.externaltools.gnu-tools-for-stm32.12.3.rel1.win32_1.1.0.202410251130/tools/bin/../lib/gcc/arm-none-eabi/12.3.1/thumb/v7e-m+fp/hard\libgcc.a(_udivmoddi4.o)
 .ARM.attributes
                0x00000475       0x22 C:/ST/STM32CubeIDE_1.12.0/STM32CubeIDE/plugins/com.st.stm32cube.ide.mcu.externaltools.gnu-tools-for-stm32.12.3.rel1.win32_1.1.0.202410251130/tools/bin/../lib/gcc/arm-none-eabi/12.3.1/thumb/v7e-m+fp/hard\libgcc.a(_dvmd_tls.o)
 .ARM.attributes
                0x00000497       0x22 C:/ST/STM32CubeIDE_1.12.0/STM32CubeIDE/plugins/com.st.stm32cube.ide.mcu.externaltools.gnu-tools-for-stm32.12.3.rel1.win32_1.1.0.202410251130/tools/bin/../lib/gcc/arm-none-eabi/12.3.1/thumb/v7e-m+fp/hard/crtn.o
OUTPUT(rfid1.elf elf32-littlearm)
LOAD linker stubs
LOAD C:/ST/STM32CubeIDE_1.12.0/STM32CubeIDE/plugins/com.st.stm32cube.ide.mcu.externaltools.gnu-tools-for-stm32.12.3.rel1.win32_1.1.0.202410251130/tools/bin/../lib/gcc/arm-none-eabi/12.3.1/../../../../arm-none-eabi/lib/thumb/v7e-m+fp/hard\libc.a
LOAD C:/ST/STM32CubeIDE_1.12.0/STM32CubeIDE/plugins/com.st.stm32cube.ide.mcu.externaltools.gnu-tools-for-stm32.12.3.rel1.win32_1.1.0.202410251130/tools/bin/../lib/gcc/arm-none-eabi/12.3.1/../../../../arm-none-eabi/lib/thumb/v7e-m+fp/hard\libm.a
LOAD C:/ST/STM32CubeIDE_1.12.0/STM32CubeIDE/plugins/com.st.stm32cube.ide.mcu.externaltools.gnu-tools-for-stm32.12.3.rel1.win32_1.1.0.202410251130/tools/bin/../lib/gcc/arm-none-eabi/12.3.1/thumb/v7e-m+fp/hard\libgcc.a

.debug_info     0x00000000    0x12294
 .debug_info    0x00000000      0xc4a ./Core/Src/RC522.o
 .debug_info    0x00000c4a      0xc72 ./Core/Src/liquidcrystal_i2c.o
 .debug_info    0x000018bc     0x1832 ./Core/Src/main.o
 .debug_info    0x000030ee     0x137d ./Core/Src/stm32f4xx_hal_msp.o
 .debug_info    0x0000446b      0x112 ./Core/Src/stm32f4xx_it.o
 .debug_info    0x0000457d      0x54a ./Core/Src/system_stm32f4xx.o
 .debug_info    0x00004ac7       0x30 ./Core/Startup/startup_stm32f446retx.o
 .debug_info    0x00004af7      0x99a ./Drivers/STM32F4xx_HAL_Driver/Src/stm32f4xx_hal.o
 .debug_info    0x00005491      0xdaa ./Drivers/STM32F4xx_HAL_Driver/Src/stm32f4xx_hal_cortex.o
 .debug_info    0x0000623b      0x70b ./Drivers/STM32F4xx_HAL_Driver/Src/stm32f4xx_hal_gpio.o
 .debug_info    0x00006946     0x2421 ./Drivers/STM32F4xx_HAL_Driver/Src/stm32f4xx_hal_i2c.o
 .debug_info    0x00008d67      0x8eb ./Drivers/STM32F4xx_HAL_Driver/Src/stm32f4xx_hal_rcc.o
 .debug_info    0x00009652      0x956 ./Drivers/STM32F4xx_HAL_Driver/Src/stm32f4xx_hal_rcc_ex.o
 .debug_info    0x00009fa8     0x1525 ./Drivers/STM32F4xx_HAL_Driver/Src/stm32f4xx_hal_spi.o
 .debug_info    0x0000b4cd     0x299d ./Drivers/STM32F4xx_HAL_Driver/Src/stm32f4xx_hal_tim.o
 .debug_info    0x0000de6a     0x14db ./Drivers/STM32F4xx_HAL_Driver/Src/stm32f4xx_hal_tim_ex.o
 .debug_info    0x0000f345     0x2f4f ./Drivers/STM32F4xx_HAL_Driver/Src/stm32f4xx_hal_uart.o

.debug_abbrev   0x00000000     0x258f
 .debug_abbrev  0x00000000      0x2a3 ./Core/Src/RC522.o
 .debug_abbrev  0x000002a3      0x2cb ./Core/Src/liquidcrystal_i2c.o
 .debug_abbrev  0x0000056e      0x32e ./Core/Src/main.o
 .debug_abbrev  0x0000089c      0x24c ./Core/Src/stm32f4xx_hal_msp.o
 .debug_abbrev  0x00000ae8       0x73 ./Core/Src/stm32f4xx_it.o
 .debug_abbrev  0x00000b5b      0x11a ./Core/Src/system_stm32f4xx.o
 .debug_abbrev  0x00000c75       0x24 ./Core/Startup/startup_stm32f446retx.o
 .debug_abbrev  0x00000c99      0x214 ./Drivers/STM32F4xx_HAL_Driver/Src/stm32f4xx_hal.o
 .debug_abbrev  0x00000ead      0x31d ./Drivers/STM32F4xx_HAL_Driver/Src/stm32f4xx_hal_cortex.o
 .debug_abbrev  0x000011ca      0x1d4 ./Drivers/STM32F4xx_HAL_Driver/Src/stm32f4xx_hal_gpio.o
 .debug_abbrev  0x0000139e      0x2ad ./Drivers/STM32F4xx_HAL_Driver/Src/stm32f4xx_hal_i2c.o
 .debug_abbrev  0x0000164b      0x2b7 ./Drivers/STM32F4xx_HAL_Driver/Src/stm32f4xx_hal_rcc.o
 .debug_abbrev  0x00001902      0x20a ./Drivers/STM32F4xx_HAL_Driver/Src/stm32f4xx_hal_rcc_ex.o
 .debug_abbrev  0x00001b0c      0x27a ./Drivers/STM32F4xx_HAL_Driver/Src/stm32f4xx_hal_spi.o
 .debug_abbrev  0x00001d86      0x278 ./Drivers/STM32F4xx_HAL_Driver/Src/stm32f4xx_hal_tim.o
 .debug_abbrev  0x00001ffe      0x283 ./Drivers/STM32F4xx_HAL_Driver/Src/stm32f4xx_hal_tim_ex.o
 .debug_abbrev  0x00002281      0x30e ./Drivers/STM32F4xx_HAL_Driver/Src/stm32f4xx_hal_uart.o

.debug_aranges  0x00000000     0x1260
 .debug_aranges
                0x00000000       0xa8 ./Core/Src/RC522.o
 .debug_aranges
                0x000000a8      0x110 ./Core/Src/liquidcrystal_i2c.o
 .debug_aranges
                0x000001b8       0x60 ./Core/Src/main.o
 .debug_aranges
                0x00000218       0x68 ./Core/Src/stm32f4xx_hal_msp.o
 .debug_aranges
                0x00000280       0x60 ./Core/Src/stm32f4xx_it.o
 .debug_aranges
                0x000002e0       0x28 ./Core/Src/system_stm32f4xx.o
 .debug_aranges
                0x00000308       0x28 ./Core/Startup/startup_stm32f446retx.o
 .debug_aranges
                0x00000330       0xf0 ./Drivers/STM32F4xx_HAL_Driver/Src/stm32f4xx_hal.o
 .debug_aranges
                0x00000420      0x130 ./Drivers/STM32F4xx_HAL_Driver/Src/stm32f4xx_hal_cortex.o
 .debug_aranges
                0x00000550       0x58 ./Drivers/STM32F4xx_HAL_Driver/Src/stm32f4xx_hal_gpio.o
 .debug_aranges
                0x000005a8      0x2a8 ./Drivers/STM32F4xx_HAL_Driver/Src/stm32f4xx_hal_i2c.o
 .debug_aranges
                0x00000850       0x88 ./Drivers/STM32F4xx_HAL_Driver/Src/stm32f4xx_hal_rcc.o
 .debug_aranges
                0x000008d8       0x78 ./Drivers/STM32F4xx_HAL_Driver/Src/stm32f4xx_hal_rcc_ex.o
 .debug_aranges
                0x00000950      0x1d0 ./Drivers/STM32F4xx_HAL_Driver/Src/stm32f4xx_hal_spi.o
 .debug_aranges
                0x00000b20      0x3d0 ./Drivers/STM32F4xx_HAL_Driver/Src/stm32f4xx_hal_tim.o
 .debug_aranges
                0x00000ef0      0x168 ./Drivers/STM32F4xx_HAL_Driver/Src/stm32f4xx_hal_tim_ex.o
 .debug_aranges
                0x00001058      0x208 ./Drivers/STM32F4xx_HAL_Driver/Src/stm32f4xx_hal_uart.o

.debug_rnglists
                0x00000000      0xe87
 .debug_rnglists
                0x00000000       0x7e ./Core/Src/RC522.o
 .debug_rnglists
                0x0000007e       0xc8 ./Core/Src/liquidcrystal_i2c.o
 .debug_rnglists
                0x00000146       0x47 ./Core/Src/main.o
 .debug_rnglists
                0x0000018d       0x4c ./Core/Src/stm32f4xx_hal_msp.o
 .debug_rnglists
                0x000001d9       0x43 ./Core/Src/stm32f4xx_it.o
 .debug_rnglists
                0x0000021c       0x1a ./Core/Src/system_stm32f4xx.o
 .debug_rnglists
                0x00000236       0x19 ./Core/Startup/startup_stm32f446retx.o
 .debug_rnglists
                0x0000024f       0xaf ./Drivers/STM32F4xx_HAL_Driver/Src/stm32f4xx_hal.o
 .debug_rnglists
                0x000002fe       0xe0 ./Drivers/STM32F4xx_HAL_Driver/Src/stm32f4xx_hal_cortex.o
 .debug_rnglists
                0x000003de       0x3f ./Drivers/STM32F4xx_HAL_Driver/Src/stm32f4xx_hal_gpio.o
 .debug_rnglists
                0x0000041d      0x23c ./Drivers/STM32F4xx_HAL_Driver/Src/stm32f4xx_hal_i2c.o
 .debug_rnglists
                0x00000659       0x66 ./Drivers/STM32F4xx_HAL_Driver/Src/stm32f4xx_hal_rcc.o
 .debug_rnglists
                0x000006bf       0x5e ./Drivers/STM32F4xx_HAL_Driver/Src/stm32f4xx_hal_rcc_ex.o
 .debug_rnglists
                0x0000071d      0x16f ./Drivers/STM32F4xx_HAL_Driver/Src/stm32f4xx_hal_spi.o
 .debug_rnglists
                0x0000088c      0x31a ./Drivers/STM32F4xx_HAL_Driver/Src/stm32f4xx_hal_tim.o
 .debug_rnglists
                0x00000ba6      0x125 ./Drivers/STM32F4xx_HAL_Driver/Src/stm32f4xx_hal_tim_ex.o
 .debug_rnglists
                0x00000ccb      0x1bc ./Drivers/STM32F4xx_HAL_Driver/Src/stm32f4xx_hal_uart.o

.debug_macro    0x00000000    0x22a91
 .debug_macro   0x00000000      0x1fa ./Core/Src/RC522.o
 .debug_macro   0x000001fa      0xab4 ./Core/Src/RC522.o
 .debug_macro   0x00000cae      0x2a7 ./Core/Src/RC522.o
 .debug_macro   0x00000f55       0x2e ./Core/Src/RC522.o
 .debug_macro   0x00000f83       0x28 ./Core/Src/RC522.o
 .debug_macro   0x00000fab       0x22 ./Core/Src/RC522.o
 .debug_macro   0x00000fcd       0x8e ./Core/Src/RC522.o
 .debug_macro   0x0000105b       0x51 ./Core/Src/RC522.o
 .debug_macro   0x000010ac      0x103 ./Core/Src/RC522.o
 .debug_macro   0x000011af       0x6a ./Core/Src/RC522.o
 .debug_macro   0x00001219      0x1df ./Core/Src/RC522.o
 .debug_macro   0x000013f8       0x1c ./Core/Src/RC522.o
 .debug_macro   0x00001414       0x22 ./Core/Src/RC522.o
 .debug_macro   0x00001436       0xfb ./Core/Src/RC522.o
 .debug_macro   0x00001531     0x1011 ./Core/Src/RC522.o
 .debug_macro   0x00002542      0x11f ./Core/Src/RC522.o
 .debug_macro   0x00002661    0x16749 ./Core/Src/RC522.o
 .debug_macro   0x00018daa       0x6d ./Core/Src/RC522.o
 .debug_macro   0x00018e17     0x369a ./Core/Src/RC522.o
 .debug_macro   0x0001c4b1      0x189 ./Core/Src/RC522.o
 .debug_macro   0x0001c63a       0x5c ./Core/Src/RC522.o
 .debug_macro   0x0001c696      0xca5 ./Core/Src/RC522.o
 .debug_macro   0x0001d33b      0x9e9 ./Core/Src/RC522.o
 .debug_macro   0x0001dd24      0x115 ./Core/Src/RC522.o
 .debug_macro   0x0001de39      0x1a0 ./Core/Src/RC522.o
 .debug_macro   0x0001dfd9       0xa5 ./Core/Src/RC522.o
 .debug_macro   0x0001e07e      0x16d ./Core/Src/RC522.o
 .debug_macro   0x0001e1eb      0x287 ./Core/Src/RC522.o
 .debug_macro   0x0001e472       0x5f ./Core/Src/RC522.o
 .debug_macro   0x0001e4d1      0x236 ./Core/Src/RC522.o
 .debug_macro   0x0001e707      0x132 ./Core/Src/RC522.o
 .debug_macro   0x0001e839      0x29c ./Core/Src/RC522.o
 .debug_macro   0x0001ead5       0x2e ./Core/Src/RC522.o
 .debug_macro   0x0001eb03      0x1b5 ./Core/Src/RC522.o
 .debug_macro   0x0001ecb8       0x22 ./Core/Src/RC522.o
 .debug_macro   0x0001ecda       0xd6 ./Core/Src/RC522.o
 .debug_macro   0x0001edb0      0x127 ./Core/Src/RC522.o
 .debug_macro   0x0001eed7       0xe8 ./Core/Src/RC522.o
 .debug_macro   0x0001efbf       0x89 ./Core/Src/RC522.o
 .debug_macro   0x0001f048      0x225 ./Core/Src/RC522.o
 .debug_macro   0x0001f26d      0x8ed ./Core/Src/RC522.o
 .debug_macro   0x0001fb5a       0x53 ./Core/Src/RC522.o
 .debug_macro   0x0001fbad      0x2aa ./Core/Src/RC522.o
 .debug_macro   0x0001fe57      0x126 ./Core/Src/RC522.o
 .debug_macro   0x0001ff7d      0x23e ./Core/Src/RC522.o
 .debug_macro   0x000201bb      0x200 ./Core/Src/liquidcrystal_i2c.o
 .debug_macro   0x000203bb       0xd0 ./Core/Src/liquidcrystal_i2c.o
 .debug_macro   0x0002048b      0x2e0 ./Core/Src/main.o
 .debug_macro   0x0002076b       0x1c ./Core/Src/main.o
 .debug_macro   0x00020787       0x61 ./Core/Src/main.o
 .debug_macro   0x000207e8       0x2a ./Core/Src/main.o
 .debug_macro   0x00020812       0x43 ./Core/Src/main.o
 .debug_macro   0x00020855       0x34 ./Core/Src/main.o
 .debug_macro   0x00020889       0x16 ./Core/Src/main.o
 .debug_macro   0x0002089f       0x43 ./Core/Src/main.o
 .debug_macro   0x000208e2       0x34 ./Core/Src/main.o
 .debug_macro   0x00020916       0x10 ./Core/Src/main.o
 .debug_macro   0x00020926       0x58 ./Core/Src/main.o
 .debug_macro   0x0002097e       0x8e ./Core/Src/main.o
 .debug_macro   0x00020a0c       0x1c ./Core/Src/main.o
 .debug_macro   0x00020a28      0x177 ./Core/Src/main.o
 .debug_macro   0x00020b9f      0x369 ./Core/Src/main.o
 .debug_macro   0x00020f08       0x10 ./Core/Src/main.o
 .debug_macro   0x00020f18       0x35 ./Core/Src/main.o
 .debug_macro   0x00020f4d       0x20 ./Core/Src/main.o
 .debug_macro   0x00020f6d       0xd6 ./Core/Src/main.o
 .debug_macro   0x00021043      0x200 ./Core/Src/stm32f4xx_hal_msp.o
 .debug_macro   0x00021243      0x20a ./Core/Src/stm32f4xx_it.o
 .debug_macro   0x0002144d      0x1f1 ./Core/Src/system_stm32f4xx.o
 .debug_macro   0x0002163e      0x251 ./Drivers/STM32F4xx_HAL_Driver/Src/stm32f4xx_hal.o
 .debug_macro   0x0002188f      0x1f1 ./Drivers/STM32F4xx_HAL_Driver/Src/stm32f4xx_hal_cortex.o
 .debug_macro   0x00021a80      0x1f7 ./Drivers/STM32F4xx_HAL_Driver/Src/stm32f4xx_hal_gpio.o
 .debug_macro   0x00021c77      0x23f ./Drivers/STM32F4xx_HAL_Driver/Src/stm32f4xx_hal_i2c.o
 .debug_macro   0x00021eb6      0x215 ./Drivers/STM32F4xx_HAL_Driver/Src/stm32f4xx_hal_rcc.o
 .debug_macro   0x000220cb      0x1f1 ./Drivers/STM32F4xx_HAL_Driver/Src/stm32f4xx_hal_rcc_ex.o
 .debug_macro   0x000222bc      0x200 ./Drivers/STM32F4xx_HAL_Driver/Src/stm32f4xx_hal_spi.o
 .debug_macro   0x000224bc      0x1f2 ./Drivers/STM32F4xx_HAL_Driver/Src/stm32f4xx_hal_tim.o
 .debug_macro   0x000226ae      0x1f1 ./Drivers/STM32F4xx_HAL_Driver/Src/stm32f4xx_hal_tim_ex.o
 .debug_macro   0x0002289f      0x1f2 ./Drivers/STM32F4xx_HAL_Driver/Src/stm32f4xx_hal_uart.o

.debug_line     0x00000000    0x1597e
 .debug_line    0x00000000      0xc8a ./Core/Src/RC522.o
 .debug_line    0x00000c8a      0xb7d ./Core/Src/liquidcrystal_i2c.o
 .debug_line    0x00001807      0xc0a ./Core/Src/main.o
 .debug_line    0x00002411      0x8df ./Core/Src/stm32f4xx_hal_msp.o
 .debug_line    0x00002cf0      0x851 ./Core/Src/stm32f4xx_it.o
 .debug_line    0x00003541      0x813 ./Core/Src/system_stm32f4xx.o
 .debug_line    0x00003d54       0x7a ./Core/Startup/startup_stm32f446retx.o
 .debug_line    0x00003dce      0xa7c ./Drivers/STM32F4xx_HAL_Driver/Src/stm32f4xx_hal.o
 .debug_line    0x0000484a      0xd6e ./Drivers/STM32F4xx_HAL_Driver/Src/stm32f4xx_hal_cortex.o
 .debug_line    0x000055b8      0xbf4 ./Drivers/STM32F4xx_HAL_Driver/Src/stm32f4xx_hal_gpio.o
 .debug_line    0x000061ac     0x3bc2 ./Drivers/STM32F4xx_HAL_Driver/Src/stm32f4xx_hal_i2c.o
 .debug_line    0x00009d6e      0xe13 ./Drivers/STM32F4xx_HAL_Driver/Src/stm32f4xx_hal_rcc.o
 .debug_line    0x0000ab81     0x1483 ./Drivers/STM32F4xx_HAL_Driver/Src/stm32f4xx_hal_rcc_ex.o
 .debug_line    0x0000c004     0x1d9a ./Drivers/STM32F4xx_HAL_Driver/Src/stm32f4xx_hal_spi.o
 .debug_line    0x0000dd9e     0x3820 ./Drivers/STM32F4xx_HAL_Driver/Src/stm32f4xx_hal_tim.o
 .debug_line    0x000115be     0x1a72 ./Drivers/STM32F4xx_HAL_Driver/Src/stm32f4xx_hal_tim_ex.o
 .debug_line    0x00013030     0x294e ./Drivers/STM32F4xx_HAL_Driver/Src/stm32f4xx_hal_uart.o

.debug_str      0x00000000    0xd528e
 .debug_str     0x00000000    0xcced0 ./Core/Src/RC522.o
                              0xcd1e8 (size before relaxing)
 .debug_str     0x000cced0      0x8b7 ./Core/Src/liquidcrystal_i2c.o
                              0xcd044 (size before relaxing)
 .debug_str     0x000cd787     0x3ac2 ./Core/Src/main.o
                              0xd1104 (size before relaxing)
 .debug_str     0x000d1249      0x107 ./Core/Src/stm32f4xx_hal_msp.o
                              0xcd2e2 (size before relaxing)
 .debug_str     0x000d1350       0xc9 ./Core/Src/stm32f4xx_it.o
                              0xcc595 (size before relaxing)
 .debug_str     0x000d1419       0xcb ./Core/Src/system_stm32f4xx.o
                              0xcc696 (size before relaxing)
 .debug_str     0x000d14e4       0x44 ./Core/Startup/startup_stm32f446retx.o
                                 0x6d (size before relaxing)
 .debug_str     0x000d1528      0xb02 ./Drivers/STM32F4xx_HAL_Driver/Src/stm32f4xx_hal.o
                              0xcd25b (size before relaxing)
 .debug_str     0x000d202a      0x392 ./Drivers/STM32F4xx_HAL_Driver/Src/stm32f4xx_hal_cortex.o
                              0xccfb2 (size before relaxing)
 .debug_str     0x000d23bc      0x121 ./Drivers/STM32F4xx_HAL_Driver/Src/stm32f4xx_hal_gpio.o
                              0xcc811 (size before relaxing)
 .debug_str     0x000d24dd      0xb45 ./Drivers/STM32F4xx_HAL_Driver/Src/stm32f4xx_hal_i2c.o
                              0xcd694 (size before relaxing)
 .debug_str     0x000d3022      0x213 ./Drivers/STM32F4xx_HAL_Driver/Src/stm32f4xx_hal_rcc.o
                              0xccacf (size before relaxing)
 .debug_str     0x000d3235      0x324 ./Drivers/STM32F4xx_HAL_Driver/Src/stm32f4xx_hal_rcc_ex.o
                              0xccb02 (size before relaxing)
 .debug_str     0x000d3559      0x548 ./Drivers/STM32F4xx_HAL_Driver/Src/stm32f4xx_hal_spi.o
                              0xccf2f (size before relaxing)
 .debug_str     0x000d3aa1      0xd57 ./Drivers/STM32F4xx_HAL_Driver/Src/stm32f4xx_hal_tim.o
                              0xcd9fb (size before relaxing)
 .debug_str     0x000d47f8      0x493 ./Drivers/STM32F4xx_HAL_Driver/Src/stm32f4xx_hal_tim_ex.o
                              0xcd207 (size before relaxing)
 .debug_str     0x000d4c8b      0x603 ./Drivers/STM32F4xx_HAL_Driver/Src/stm32f4xx_hal_uart.o
                              0xcd086 (size before relaxing)

.comment        0x00000000       0x43
 .comment       0x00000000       0x43 ./Core/Src/RC522.o
                                 0x44 (size before relaxing)
 .comment       0x00000043       0x44 ./Core/Src/liquidcrystal_i2c.o
 .comment       0x00000043       0x44 ./Core/Src/main.o
 .comment       0x00000043       0x44 ./Core/Src/stm32f4xx_hal_msp.o
 .comment       0x00000043       0x44 ./Core/Src/stm32f4xx_it.o
 .comment       0x00000043       0x44 ./Core/Src/system_stm32f4xx.o
 .comment       0x00000043       0x44 ./Drivers/STM32F4xx_HAL_Driver/Src/stm32f4xx_hal.o
 .comment       0x00000043       0x44 ./Drivers/STM32F4xx_HAL_Driver/Src/stm32f4xx_hal_cortex.o
 .comment       0x00000043       0x44 ./Drivers/STM32F4xx_HAL_Driver/Src/stm32f4xx_hal_gpio.o
 .comment       0x00000043       0x44 ./Drivers/STM32F4xx_HAL_Driver/Src/stm32f4xx_hal_i2c.o
 .comment       0x00000043       0x44 ./Drivers/STM32F4xx_HAL_Driver/Src/stm32f4xx_hal_rcc.o
 .comment       0x00000043       0x44 ./Drivers/STM32F4xx_HAL_Driver/Src/stm32f4xx_hal_rcc_ex.o
 .comment       0x00000043       0x44 ./Drivers/STM32F4xx_HAL_Driver/Src/stm32f4xx_hal_spi.o
 .comment       0x00000043       0x44 ./Drivers/STM32F4xx_HAL_Driver/Src/stm32f4xx_hal_tim.o
 .comment       0x00000043       0x44 ./Drivers/STM32F4xx_HAL_Driver/Src/stm32f4xx_hal_tim_ex.o
 .comment       0x00000043       0x44 ./Drivers/STM32F4xx_HAL_Driver/Src/stm32f4xx_hal_uart.o

.debug_frame    0x00000000     0x4ec8
 .debug_frame   0x00000000      0x288 ./Core/Src/RC522.o
 .debug_frame   0x00000288      0x3f0 ./Core/Src/liquidcrystal_i2c.o
 .debug_frame   0x00000678      0x12c ./Core/Src/main.o
 .debug_frame   0x000007a4      0x180 ./Core/Src/stm32f4xx_hal_msp.o
 .debug_frame   0x00000924      0x104 ./Core/Src/stm32f4xx_it.o
 .debug_frame   0x00000a28       0x58 ./Core/Src/system_stm32f4xx.o
 .debug_frame   0x00000a80      0x374 ./Drivers/STM32F4xx_HAL_Driver/Src/stm32f4xx_hal.o
 .debug_frame   0x00000df4      0x508 ./Drivers/STM32F4xx_HAL_Driver/Src/stm32f4xx_hal_cortex.o
 .debug_frame   0x000012fc      0x14c ./Drivers/STM32F4xx_HAL_Driver/Src/stm32f4xx_hal_gpio.o
 .debug_frame   0x00001448      0xc84 ./Drivers/STM32F4xx_HAL_Driver/Src/stm32f4xx_hal_i2c.o
 .debug_frame   0x000020cc      0x1f4 ./Drivers/STM32F4xx_HAL_Driver/Src/stm32f4xx_hal_rcc.o
 .debug_frame   0x000022c0      0x1e8 ./Drivers/STM32F4xx_HAL_Driver/Src/stm32f4xx_hal_rcc_ex.o
 .debug_frame   0x000024a8      0x828 ./Drivers/STM32F4xx_HAL_Driver/Src/stm32f4xx_hal_spi.o
 .debug_frame   0x00002cd0     0x11c0 ./Drivers/STM32F4xx_HAL_Driver/Src/stm32f4xx_hal_tim.o
 .debug_frame   0x00003e90      0x638 ./Drivers/STM32F4xx_HAL_Driver/Src/stm32f4xx_hal_tim_ex.o
 .debug_frame   0x000044c8      0x954 ./Drivers/STM32F4xx_HAL_Driver/Src/stm32f4xx_hal_uart.o
 .debug_frame   0x00004e1c       0x20 C:/ST/STM32CubeIDE_1.12.0/STM32CubeIDE/plugins/com.st.stm32cube.ide.mcu.externaltools.gnu-tools-for-stm32.12.3.rel1.win32_1.1.0.202410251130/tools/bin/../lib/gcc/arm-none-eabi/12.3.1/../../../../arm-none-eabi/lib/thumb/v7e-m+fp/hard\libc_nano.a(libc_a-memset.o)
 .debug_frame   0x00004e3c       0x2c C:/ST/STM32CubeIDE_1.12.0/STM32CubeIDE/plugins/com.st.stm32cube.ide.mcu.externaltools.gnu-tools-for-stm32.12.3.rel1.win32_1.1.0.202410251130/tools/bin/../lib/gcc/arm-none-eabi/12.3.1/../../../../arm-none-eabi/lib/thumb/v7e-m+fp/hard\libc_nano.a(libc_a-init.o)
 .debug_frame   0x00004e68       0x2c C:/ST/STM32CubeIDE_1.12.0/STM32CubeIDE/plugins/com.st.stm32cube.ide.mcu.externaltools.gnu-tools-for-stm32.12.3.rel1.win32_1.1.0.202410251130/tools/bin/../lib/gcc/arm-none-eabi/12.3.1/thumb/v7e-m+fp/hard\libgcc.a(_aeabi_uldivmod.o)
 .debug_frame   0x00004e94       0x34 C:/ST/STM32CubeIDE_1.12.0/STM32CubeIDE/plugins/com.st.stm32cube.ide.mcu.externaltools.gnu-tools-for-stm32.12.3.rel1.win32_1.1.0.202410251130/tools/bin/../lib/gcc/arm-none-eabi/12.3.1/thumb/v7e-m+fp/hard\libgcc.a(_udivmoddi4.o)

.debug_line_str
                0x00000000       0x51
 .debug_line_str
                0x00000000       0x51 ./Core/Startup/startup_stm32f446retx.o
